Microchip MPLAB XC8 Compiler V2.50

Linker command line:

-W-3 \
  --edf=C:\Program Files\Microchip\xc8\v2.50\pic\dat\20240725155939_en.msgs \
  -cn -h+dist/Config_2/production\disinfection_dispenser.X.production.sym \
  --cmf=dist/Config_2/production\disinfection_dispenser.X.production.cmf -z \
  -Q12F675 -oC:\Users\Family\AppData\Local\Temp\xcAsjj4.\driver_tmp_3.o \
  --defsym=__MPLAB_BUILD=1 --fixupoverflow=error \
  -Mdist/Config_2/production/disinfection_dispenser.X.production.map \
  --md=C:\Users\Family\AppData\Local\Temp\xcAsjj4.\driver_tmp_0.dat -E1 \
  -ver=XC8 Compiler --acfsm=1493 -ACODE=00h-03FEh -ASTRCODE=00h-03FEh \
  -ASTRING=00h-0FFhx3,0300h-03FEh -ACONST=00h-0FFhx3,0300h-03FEh \
  -AENTRY=00h-0FFhx3,0300h-03FEh -ABANK0=020h-05Dh -ARAM=020h-05Dh \
  -AABS1=020h-05Fh -ACOMMON=05Eh-05Fh -ASFR0=00h-01Fh -ASFR1=080h-0DDh \
  -ACONFIG=02007h-02007h -DCONFIG=2 -AIDLOC=02000h-02003h -DIDLOC=2 \
  -AEEDATA=00h-07Fh/02100h -peeprom_data=EEDATA -DEEDATA=2 -DCODE=2 \
  -DSTRCODE=2 -DSTRING=2 -DCONST=2 -DENTRY=2 \
  -preset_vec=00h,intentry,sivt,init,end_init -ppowerup=CODE -pcinit=CODE \
  -pfunctab=ENTRY -posccal=03FFh -k \
  C:\Users\Family\AppData\Local\Temp\xcAsjj4.\driver_tmp_12.o \
  dist/Config_2/production\disinfection_dispenser.X.production.o 

Object code version is 3.11

Machine type is 12F675



                Name                               Link     Load   Length Selector   Space Scale
C:\Users\Family\AppData\Local\Temp\xcAsjj4.\driver_tmp_12.o
                end_init                              0        0        1        0       0
                config                             2007     2007        1        0       4
dist/Config_2/production\disinfection_dispenser.X.production.o
                cinit                               3F6      3F6        9      7EC       0
                config                             2007     2007        1        0       4
                text12                              1B3      1B3        D      366       0
                text11                              381      381       75      702       0
                text10                              1C0      1C0        E      380       0
                text9                               1EF      1EF       13      3DE       0
                text8                               234      234       1F      468       0
                text7                               2D7      2D7       4E      5AE       0
                text6                               1DD      1DD       12      3BA       0
                text5                               325      325       5C      64A       0
                text4                               28D      28D       4A      51A       0
                text3                               253      253       3A      4A6       0
                text2                               219      219       1B      432       0
                text1                               202      202       17      404       0
                maintext                            1CE      1CE        F      39C       0
                cstackBANK0                          20       20       17       20       1
                bssBANK0                             37       37        6       20       1
                strings                               1        1       1D        2       0

TOTAL           Name                               Link     Load   Length     Space
        CLASS   CODE           
                end_init                              0        0        1         0
                cinit                               3F6      3F6        9         0
                text12                              1B3      1B3        D         0
                text11                              381      381       75         0
                text10                              1C0      1C0        E         0
                text9                               1EF      1EF       13         0
                text8                               234      234       1F         0
                text7                               2D7      2D7       4E         0
                text6                               1DD      1DD       12         0
                text5                               325      325       5C         0
                text4                               28D      28D       4A         0
                text3                               253      253       3A         0
                text2                               219      219       1B         0
                text1                               202      202       17         0
                maintext                            1CE      1CE        F         0

        CLASS   STRCODE        

        CLASS   STRING         
                strings                               1        1       1D         0

        CLASS   CONST          

        CLASS   ENTRY          

        CLASS   BANK0          
                cstackBANK0                          20       20       17         1
                bssBANK0                             37       37        6         1

        CLASS   RAM            

        CLASS   ABS1           
                abs_s1                               5E       5E        2         1

        CLASS   COMMON         

        CLASS   SFR0           

        CLASS   SFR1           

        CLASS   CONFIG         
                config                             2007     2007        1         4

        CLASS   IDLOC          

        CLASS   EEDATA         

        CLASS   BANK1          

        CLASS   HEAP           

        CLASS   STACK          



SEGMENTS        Name                           Load    Length   Top    Selector   Space  Class     Delta

                reset_vec                      000000  000001  000001         0       0  CODE        2
                strings                        000001  00001D  00001E         2       0  STRING      2
                cstackBANK0                    000020  00001D  00003D        20       1  BANK0       1
                text12                         0001B3  00000D  0001C0       366       0  CODE        2
                text10                         0001C0  00000E  0001CE       380       0  CODE        2
                maintext                       0001CE  00000F  0001DD       39C       0  CODE        2
                text6                          0001DD  000012  0001EF       3BA       0  CODE        2
                text9                          0001EF  000013  000202       3DE       0  CODE        2
                text1                          000202  000017  000219       404       0  CODE        2
                text2                          000219  00001B  000234       432       0  CODE        2
                text8                          000234  00001F  000253       468       0  CODE        2
                text3                          000253  00003A  00028D       4A6       0  CODE        2
                text4                          00028D  00004A  0002D7       51A       0  CODE        2
                text7                          0002D7  00004E  000325       5AE       0  CODE        2
                text5                          000325  00005C  000381       64A       0  CODE        2
                text11                         000381  000075  0003F6       702       0  CODE        2
                cinit                          0003F6  000009  0003FF       7EC       0  CODE        2


UNUSED ADDRESS RANGES

        Name                Unused          Largest block    Delta
        BANK0            003D-005D             21           1
        CODE             001E-01B2            195           2
        CONST            001E-01B2             E2           2
        EEDATA           2100-217F             80           2
        ENTRY            001E-01B2             E2           2
        IDLOC            2000-2003              4           2
        RAM              003D-005D             21           1
        SFR0             0000-001F             20           1
        SFR1             0080-00DD             5E           1
        STRCODE          001E-01B2            195           2
        STRING           001E-01B2             E2           2

                                  Symbol Table

?___lldiv                      cstackBANK0  0020
?___llmod                      cstackBANK0  0020
Dio_Config@direction           cstackBANK0  0020
Dio_Config@pinNumber           cstackBANK0  0029
Dio_Config@pullType            cstackBANK0  0022
Dio_Config@state               cstackBANK0  0021
Dio_Pin_Write@pinNumber        cstackBANK0  0022
Dio_Pin_Write@state            cstackBANK0  0020
MAX7219_DisplayData@character  cstackBANK0  002C
MAX7219_DisplayData@digit      cstackBANK0  0031
MAX7219_DisplayNumber@i        cstackBANK0  0036
MAX7219_DisplayNumber@number   cstackBANK0  0032
SPI_Send_16bit@bit             cstackBANK0  002A
SPI_Send_16bit@data            cstackBANK0  0023
_ADCON0                        (abs)        001F
_ANSEL                         (abs)        009F
_Adc_Init                      text12       01B3
_DIO_State                     bssBANK0     003C
_Dio_Config                    text11       0381
_Dio_Config$56                 cstackBANK0  0027
_Dio_Pin_Write                 text8        0234
_Dio_init                      text10       01C0
_GPIO                          (abs)        0005
_Gpio_Init                     text9        01EF
_MAX7219_CharTable             strings      0007
_MAX7219_DisplayData           text6        01DD
_MAX7219_DisplayNumber         text3        0253
_MAX7219_Init                  text2        0219
_OPTION_REG                    (abs)        0081
_SPI_Init                      text1        0202
_SPI_Send_16bit                text7        02D7
_TRISIO                        (abs)        0085
_WPU                           (abs)        0095
__H__absolute__                __absolute__ 0000
__Habs1                        abs1         07FE
__Hbank0                       bank0        07FE
__Hbank1                       bank1        07FE
__HbssBANK0                    bssBANK0     07FE
__Hcinit                       cinit        03FF
__Hclrtext                     clrtext      07FE
__Hcode                        code         07FE
__Hcommon                      common       07FE
__Hconfig                      config       2008
__HcstackBANK0                 cstackBANK0  07FE
__HcstackCOMMON                cstackCOMMON 07FE
__Heeprom_data                 eeprom_data  0000
__Hend_init                    end_init     0001
__Hfunctab                     functab      0000
__Hheap                        heap         07FE
__Hinit                        init         0000
__Hintentry                    intentry     0000
__Hmaintext                    maintext     07FE
__Hosccal                      osccal       03FF
__Hpowerup                     powerup      0000
__Hram                         ram          07FE
__Hreset_vec                   reset_vec    0000
__Hsfr0                        sfr0         07FE
__Hsfr1                        sfr1         07FE
__Hsivt                        sivt         0000
__Hspace_0                     (abs)        07FE
__Hspace_1                     (abs)        07FE
__Hspace_2                     (abs)        07FE
__Hspace_3                     (abs)        0000
__Hspace_4                     (abs)        400F
__Hstack                       stack        07FE
__Hstrings                     strings      07FE
__Htext                        text         07FE
__L__absolute__                __absolute__ 0000
__Labs1                        abs1         07FE
__Lbank0                       bank0        07FE
__Lbank1                       bank1        07FE
__LbssBANK0                    bssBANK0     07FE
__Lcinit                       cinit        03F6
__Lclrtext                     clrtext      07FE
__Lcode                        code         07FE
__Lcommon                      common       07FE
__Lconfig                      config       0000
__LcstackBANK0                 cstackBANK0  07FE
__LcstackCOMMON                cstackCOMMON 07FE
__Leeprom_data                 eeprom_data  0000
__Lend_init                    end_init     0000
__Lfunctab                     functab      0000
__Lheap                        heap         07FE
__Linit                        init         0000
__Lintentry                    intentry     0000
__Lmaintext                    maintext     07FE
__Losccal                      osccal       03FF
__Lpowerup                     powerup      0000
__Lram                         ram          07FE
__Lreset_vec                   reset_vec    0000
__Lsfr0                        sfr0         07FE
__Lsfr1                        sfr1         07FE
__Lsivt                        sivt         0000
__Lspace_0                     (abs)        0000
__Lspace_1                     (abs)        0000
__Lspace_2                     (abs)        0000
__Lspace_3                     (abs)        0000
__Lspace_4                     (abs)        0000
__Lstack                       stack        07FE
__Lstrings                     strings      07FE
__Ltext                        text         07FE
__S0                           (abs)        03FF
__S1                           (abs)        003D
__S3                           (abs)        0000
___heap_hi                     (abs)        0000
___heap_lo                     (abs)        0000
___int_sp                      stack        07FE
___int_stack_hi                stack        07FE
___int_stack_lo                stack        07FE
___latbits                     (abs)        0000
___lldiv                       text5        0325
___lldiv@counter               cstackBANK0  002D
___lldiv@dividend              cstackBANK0  0024
___lldiv@divisor               cstackBANK0  0020
___lldiv@quotient              cstackBANK0  0029
___llmod                       text4        028D
___llmod@counter               cstackBANK0  0029
___llmod@dividend              cstackBANK0  0024
___llmod@divisor               cstackBANK0  0020
___osccal_val                  osccal       03FF
___sp                          stack        07FE
___stack_hi                    stack        07FE
___stack_lo                    stack        07FE
___stackhi                     (abs)        0000
___stacklo                     (abs)        0000
__end_of_Adc_Init              text12       01C0
__end_of_Dio_Config            text11       03F6
__end_of_Dio_Pin_Write         text8        0253
__end_of_Dio_init              text10       01CE
__end_of_Gpio_Init             text9        0202
__end_of_MAX7219_CharTable     strings      001E
__end_of_MAX7219_DisplayData   text6        01EF
__end_of_MAX7219_DisplayNumber text3        028D
__end_of_MAX7219_Init          text2        0234
__end_of_SPI_Init              text1        0219
__end_of_SPI_Send_16bit        text7        0325
__end_of___lldiv               text5        0381
__end_of___llmod               text4        02D7
__end_of__initialization       cinit        03FD
__end_of__stringtab            strings      0007
__end_of_main                  maintext     01DD
__initialization               cinit        03F6
__pbssBANK0                    bssBANK0     0037
__pcstackBANK0                 cstackBANK0  0020
__pcstackCOMMON                cstackCOMMON 0000
__pmaintext                    maintext     01CE
__pstrings                     strings      0001
__ptext1                       text1        0202
__ptext10                      text10       01C0
__ptext11                      text11       0381
__ptext12                      text12       01B3
__ptext2                       text2        0219
__ptext3                       text3        0253
__ptext4                       text4        028D
__ptext5                       text5        0325
__ptext6                       text6        01DD
__ptext7                       text7        02D7
__ptext8                       text8        0234
__ptext9                       text9        01EF
__stringbase                   strings      0006
__stringtab                    strings      0001
_main                          maintext     01CE
btemp                          (abs)        005E
end_of_initialization          cinit        03FD
intlevel0                      functab      0000
intlevel1                      functab      0000
intlevel2                      functab      0000
intlevel3                      functab      0000
intlevel4                      functab      0000
intlevel5                      functab      0000
reset_vec                      reset_vec    0000
start                          init         0000
start_initialization           cinit        03F6
wtemp0                         (abs)        005E


MODULE INFORMATION

Module		Function		Class		Link	Load	Size
MCAL/scr/gpio.c
		_Gpio_Init     		CODE           	01EF	0000	19

MCAL/scr/gpio.c estimated size: 19

C:\Program Files\Microchip\xc8\v2.50\pic\sources\c99\common\llmod.c
		___llmod       		CODE           	028D	0000	74

C:\Program Files\Microchip\xc8\v2.50\pic\sources\c99\common\llmod.c estimated size: 74

C:\Program Files\Microchip\xc8\v2.50\pic\sources\c99\common\__lldiv.c
		___lldiv       		CODE           	0325	0000	92

C:\Program Files\Microchip\xc8\v2.50\pic\sources\c99\common\__lldiv.c estimated size: 92

MCAL/scr/Dio.c
		_Dio_init      		CODE           	01C0	0000	14
		_Dio_Config    		CODE           	0381	0000	117
		_Dio_Pin_Write 		CODE           	0234	0000	31

MCAL/scr/Dio.c estimated size: 162

shared
		__stringtab    		STRING         	0001	0000	6
		__initialization		CODE           	03F6	0000	7
		_MAX7219_CharTable		STRING         	0007	0000	23

shared estimated size: 36

MCAL/scr/Adc.c
		_Adc_Init      		CODE           	01B3	0000	13

MCAL/scr/Adc.c estimated size: 13

SERVICE/scr/Spi.c
		_SPI_Init      		CODE           	0202	0000	23
		_SPI_Send_16bit		CODE           	02D7	0000	78

SERVICE/scr/Spi.c estimated size: 101

main.c
		_main          		CODE           	01CE	0000	15

main.c estimated size: 15

HAL/scr/max7219.c
		_MAX7219_DisplayData		CODE           	01DD	0000	18
		_MAX7219_Init  		CODE           	0219	0000	27
		_MAX7219_DisplayNumber		CODE           	0253	0000	58

HAL/scr/max7219.c estimated size: 103

