Microchip MPLAB XC8 Compiler V2.50

Linker command line:

-W-3 \
  --edf=C:\Program Files\Microchip\xc8\v2.50\pic\dat\20240725155939_en.msgs \
  -cn -h+dist/Config_4/production\disinfection_dispenser.X.production.sym \
  --cmf=dist/Config_4/production\disinfection_dispenser.X.production.cmf -z \
  -Q12F675 -oC:\Users\Family\AppData\Local\Temp\xcAseto.\driver_tmp_3.o \
  --defsym=__MPLAB_BUILD=1 --fixupoverflow=error \
  -Mdist/Config_4/production/disinfection_dispenser.X.production.map \
  --md=C:\Users\Family\AppData\Local\Temp\xcAseto.\driver_tmp_0.dat -E1 \
  -ver=XC8 Compiler --acfsm=1493 -ACODE=00h-03FEh -ASTRCODE=00h-03FEh \
  -ASTRING=00h-0FFhx3,0300h-03FEh -ACONST=00h-0FFhx3,0300h-03FEh \
  -AENTRY=00h-0FFhx3,0300h-03FEh -ABANK0=020h-05Dh -ARAM=020h-05Dh \
  -AABS1=020h-05Fh -ACOMMON=05Eh-05Fh -ASFR0=00h-01Fh -ASFR1=080h-0DDh \
  -ACONFIG=02007h-02007h -DCONFIG=2 -AIDLOC=02000h-02003h -DIDLOC=2 \
  -AEEDATA=00h-07Fh/02100h -peeprom_data=EEDATA -DEEDATA=2 -DCODE=2 \
  -DSTRCODE=2 -DSTRING=2 -DCONST=2 -DENTRY=2 \
  -preset_vec=00h,intentry=04h,sivt,init,end_init -ppowerup=CODE \
  -pcinit=CODE -pfunctab=ENTRY -posccal=03FFh -k \
  C:\Users\Family\AppData\Local\Temp\xcAseto.\driver_tmp_12.o \
  dist/Config_4/production\disinfection_dispenser.X.production.o 

Object code version is 3.11

Machine type is 12F675



                Name                               Link     Load   Length Selector   Space Scale
C:\Users\Family\AppData\Local\Temp\xcAseto.\driver_tmp_12.o
                end_init                              B        B        1        8       0
                reset_vec                             0        0        1        0       0
                config                             2007     2007        1        0       4
dist/Config_4/production\disinfection_dispenser.X.production.o
                cinit                                 C        C        8        8       0
                intentry                              4        4        7        8       0
                config                             2007     2007        1        0       4
                text17                              37B      37B       13        8       0
                text16                              2BC      2BC       2C        8       0
                text15                              3BE      3BE        D      75E       0
                text14                              28F      28F       2D        8       0
                text13                              38E      38E       11        8       0
                text12                              11A      11A       76        8       0
                text11                              3AF      3AF        F      75E       0
                text10                              368      368       13        8       0
                text9                               2E8      2E8       20        8       0
                text8                               190      190       53        8       0
                text7                               33F      33F       16        8       0
                text6                               355      355       13        8       0
                text5                               308      308       1F        8       0
                text4                               327      327       18        8       0
                text3                               1E3      1E3       40        8       0
                text2                               223      223       3B        8       0
                text1                               25E      25E       31        8       0
                maintext                             14       14      106        8       0
                cstackBANK0                          20       20       28       20       1
                bssBANK0                             48       48        5       20       1
                strings                             39F      39F       10      73E       0

TOTAL           Name                               Link     Load   Length     Space
        CLASS   CODE           
                end_init                              B        B        1         0
                cinit                                 C        C        8         0
                intentry                              4        4        7         0
                reset_vec                             0        0        1         0
                text17                              37B      37B       13         0
                text16                              2BC      2BC       2C         0
                text15                              3BE      3BE        D         0
                text14                              28F      28F       2D         0
                text13                              38E      38E       11         0
                text12                              11A      11A       76         0
                text11                              3AF      3AF        F         0
                text10                              368      368       13         0
                text9                               2E8      2E8       20         0
                text8                               190      190       53         0
                text7                               33F      33F       16         0
                text6                               355      355       13         0
                text5                               308      308       1F         0
                text4                               327      327       18         0
                text3                               1E3      1E3       40         0
                text2                               223      223       3B         0
                text1                               25E      25E       31         0
                maintext                             14       14      106         0

        CLASS   STRCODE        

        CLASS   STRING         
                strings                             39F      39F       10         0

        CLASS   CONST          

        CLASS   ENTRY          

        CLASS   BANK0          
                cstackBANK0                          20       20       28         1
                bssBANK0                             48       48        5         1

        CLASS   RAM            

        CLASS   ABS1           
                abs_s1                               5E       5E        2         1

        CLASS   COMMON         

        CLASS   SFR0           

        CLASS   SFR1           

        CLASS   CONFIG         
                config                             2007     2007        1         4

        CLASS   IDLOC          

        CLASS   EEDATA         

        CLASS   BANK1          

        CLASS   HEAP           

        CLASS   STACK          



SEGMENTS        Name                           Load    Length   Top    Selector   Space  Class     Delta

                reset_vec                      000000  000001  000001         0       0  CODE        2
                intentry                       000004  00039B  00039F         8       0  CODE        2
                cstackBANK0                    000020  00002D  00004D        20       1  BANK0       1
                strings                        00039F  000010  0003AF       73E       0  STRING      2
                text11                         0003AF  00001C  0003CB       75E       0  CODE        2


UNUSED ADDRESS RANGES

        Name                Unused          Largest block    Delta
        BANK0            004D-005D             11           1
        CODE             0001-0003              3           2
                         03CB-03FE             34
        CONST            0001-0003              3           2
                         03CB-03FE             34
        EEDATA           2100-217F             80           2
        ENTRY            0001-0003              3           2
                         03CB-03FE             34
        IDLOC            2000-2003              4           2
        RAM              004D-005D             11           1
        SFR0             0000-001F             20           1
        SFR1             0080-00DD             5E           1
        STRCODE          0001-0003              3           2
                         03CB-03FE             34
        STRING           0001-0003              3           2
                         03CB-03FE             34

                                  Symbol Table

?_Adc_ReadResult              cstackBANK0  0027
?___lmul                      cstackBANK0  0030
?___lwdiv                     cstackBANK0  0027
?___lwmod                     cstackBANK0  002E
Adc_StartConversion@channel   cstackBANK0  0028
Dio_Config@direction          cstackBANK0  0027
Dio_Config@pinNumber          cstackBANK0  0030
Dio_Config@pullType           cstackBANK0  0029
Dio_Config@state              cstackBANK0  0028
Dio_Pin_Read@pinNumber        cstackBANK0  0021
Dio_Pin_Write@pinNumber       cstackBANK0  0029
Dio_Pin_Write@state           cstackBANK0  0027
ISR@i                         cstackBANK0  0025
MAX7219_ClearDisplay@i        cstackBANK0  0035
MAX7219_DisplayData@character cstackBANK0  0033
MAX7219_DisplayData@digit     cstackBANK0  0038
SPI_Send_16bit@bit            cstackBANK0  0031
SPI_Send_16bit@data           cstackBANK0  002A
_ADCON0                       (abs)        001F
_ADRESH                       (abs)        001E
_ADRESL                       (abs)        009E
_ANSEL                        (abs)        009F
_Adc_Init                     text15       03BE
_Adc_ReadResult               text14       028F
_Adc_StartConversion          text13       038E
_Counter                      bssBANK0     0048
_DIO_State                    bssBANK0     004B
_Dio_Config                   text12       011A
_Dio_Config$71                cstackBANK0  002E
_Dio_Pin_Read                 text17       037B
_Dio_Pin_Write                text9        02E8
_Dio_init                     text11       03AF
_DispenserOn                  bssBANK0     004A
_GPIO                         (abs)        0005
_Gpio_Init                    text10       0368
_INTCONbits                   (abs)        000B
_IOCB                         (abs)        0096
_ISR                          text16       02BC
_MAX7219_ClearDisplay         text7        033F
_MAX7219_DisplayData          text6        0355
_MAX7219_Init                 text5        0308
_MAX7219_No_Table             strings      03A5
_OPTION_REG                   (abs)        0081
_SPI_Init                     text4        0327
_SPI_Send_16bit               text8        0190
_TRISIO                       (abs)        0085
_WPU                          (abs)        0095
__H__absolute__               __absolute__ 0000
__Habs1                       abs1         07FE
__Hbank0                      bank0        07FE
__Hbank1                      bank1        07FE
__HbssBANK0                   bssBANK0     07FE
__Hcinit                      cinit        0014
__Hclrtext                    clrtext      07FE
__Hcode                       code         07FE
__Hcommon                     common       07FE
__Hconfig                     config       2008
__HcstackBANK0                cstackBANK0  07FE
__HcstackCOMMON               cstackCOMMON 07FE
__Heeprom_data                eeprom_data  0000
__Hend_init                   end_init     000C
__Hfunctab                    functab      0000
__Hheap                       heap         07FE
__Hinit                       init         000B
__Hintentry                   intentry     000B
__Hmaintext                   maintext     07FE
__Hosccal                     osccal       03FF
__Hpowerup                    powerup      0000
__Hram                        ram          07FE
__Hreset_vec                  reset_vec    0001
__Hsfr0                       sfr0         07FE
__Hsfr1                       sfr1         07FE
__Hsivt                       sivt         000B
__Hspace_0                    (abs)        07FE
__Hspace_1                    (abs)        07FE
__Hspace_2                    (abs)        07FE
__Hspace_3                    (abs)        0000
__Hspace_4                    (abs)        400F
__Hstack                      stack        07FE
__Hstrings                    strings      07FE
__Htext                       text         07FE
__L__absolute__               __absolute__ 0000
__Labs1                       abs1         07FE
__Lbank0                      bank0        07FE
__Lbank1                      bank1        07FE
__LbssBANK0                   bssBANK0     07FE
__Lcinit                      cinit        000C
__Lclrtext                    clrtext      07FE
__Lcode                       code         07FE
__Lcommon                     common       07FE
__Lconfig                     config       0000
__LcstackBANK0                cstackBANK0  07FE
__LcstackCOMMON               cstackCOMMON 07FE
__Leeprom_data                eeprom_data  0000
__Lend_init                   end_init     000B
__Lfunctab                    functab      0000
__Lheap                       heap         07FE
__Linit                       init         000B
__Lintentry                   intentry     0004
__Lmaintext                   maintext     07FE
__Losccal                     osccal       03FF
__Lpowerup                    powerup      0000
__Lram                        ram          07FE
__Lreset_vec                  reset_vec    0000
__Lsfr0                       sfr0         07FE
__Lsfr1                       sfr1         07FE
__Lsivt                       sivt         000B
__Lspace_0                    (abs)        0000
__Lspace_1                    (abs)        0000
__Lspace_2                    (abs)        0000
__Lspace_3                    (abs)        0000
__Lspace_4                    (abs)        0000
__Lstack                      stack        07FE
__Lstrings                    strings      07FE
__Ltext                       text         07FE
__S0                          (abs)        03CB
__S1                          (abs)        004D
__S3                          (abs)        0000
___heap_hi                    (abs)        0000
___heap_lo                    (abs)        0000
___int_sp                     stack        07FE
___int_stack_hi               stack        07FE
___int_stack_lo               stack        07FE
___latbits                    (abs)        0000
___lmul                       text3        01E3
___lmul@multiplicand          cstackBANK0  0034
___lmul@multiplier            cstackBANK0  0030
___lmul@product               cstackBANK0  0039
___lwdiv                      text2        0223
___lwdiv@counter              cstackBANK0  002D
___lwdiv@dividend             cstackBANK0  0029
___lwdiv@divisor              cstackBANK0  0027
___lwdiv@quotient             cstackBANK0  002B
___lwmod                      text1        025E
___lwmod@counter              cstackBANK0  0032
___lwmod@dividend             cstackBANK0  0030
___lwmod@divisor              cstackBANK0  002E
___osccal_val                 osccal       03FF
___sp                         stack        07FE
___stack_hi                   stack        07FE
___stack_lo                   stack        07FE
___stackhi                    (abs)        0000
___stacklo                    (abs)        0000
__end_of_Adc_Init             text15       03CB
__end_of_Adc_ReadResult       text14       02BC
__end_of_Adc_StartConversion  text13       039F
__end_of_Dio_Config           text12       0190
__end_of_Dio_Pin_Read         text17       038E
__end_of_Dio_Pin_Write        text9        0308
__end_of_Dio_init             text11       03BE
__end_of_Gpio_Init            text10       037B
__end_of_ISR                  text16       02E8
__end_of_MAX7219_ClearDisplay text7        0355
__end_of_MAX7219_DisplayData  text6        0368
__end_of_MAX7219_Init         text5        0327
__end_of_MAX7219_No_Table     strings      03AF
__end_of_SPI_Init             text4        033F
__end_of_SPI_Send_16bit       text8        01E3
__end_of___lmul               text3        0223
__end_of___lwdiv              text2        025E
__end_of___lwmod              text1        028F
__end_of__initialization      cinit        0012
__end_of__stringtab           strings      03A5
__end_of_main                 maintext     011A
__initialization              cinit        000C
__pbssBANK0                   bssBANK0     0048
__pcstackBANK0                cstackBANK0  0020
__pcstackCOMMON               cstackCOMMON 0000
__pintentry                   intentry     0004
__pmaintext                   maintext     0014
__pstrings                    strings      039F
__ptext1                      text1        025E
__ptext10                     text10       0368
__ptext11                     text11       03AF
__ptext12                     text12       011A
__ptext13                     text13       038E
__ptext14                     text14       028F
__ptext15                     text15       03BE
__ptext16                     text16       02BC
__ptext17                     text17       037B
__ptext2                      text2        0223
__ptext3                      text3        01E3
__ptext4                      text4        0327
__ptext5                      text5        0308
__ptext6                      text6        0355
__ptext7                      text7        033F
__ptext8                      text8        0190
__ptext9                      text9        02E8
__stringbase                  strings      03A4
__stringtab                   strings      039F
_main                         maintext     0014
_main$776                     cstackBANK0  0045
btemp                         (abs)        005E
end_of_initialization         cinit        0012
interrupt_function            intentry     0004
intlevel0                     functab      0000
intlevel1                     functab      0000
intlevel2                     functab      0000
intlevel3                     functab      0000
intlevel4                     functab      0000
intlevel5                     functab      0000
main@i                        cstackBANK0  0047
reset_vec                     reset_vec    0000
saved_w                       (abs)        005E
start                         init         000B
start_initialization          cinit        000C
wtemp0                        (abs)        005E


MODULE INFORMATION

Module		Function		Class		Link	Load	Size
MCAL/scr/gpio.c
		_Gpio_Init     		CODE           	0368	0000	19

MCAL/scr/gpio.c estimated size: 19

C:\Program Files\Microchip\xc8\v2.50\pic\sources\c99\common\lwmod.c
		___lwmod       		CODE           	025E	0000	49

C:\Program Files\Microchip\xc8\v2.50\pic\sources\c99\common\lwmod.c estimated size: 49

C:\Program Files\Microchip\xc8\v2.50\pic\sources\c99\common\Umul32.c
		___lmul        		CODE           	01E3	0000	64

C:\Program Files\Microchip\xc8\v2.50\pic\sources\c99\common\Umul32.c estimated size: 64

MCAL/scr/Dio.c
		_Dio_init      		CODE           	03AF	0000	15
		_Dio_Config    		CODE           	011A	0000	118
		_Dio_Pin_Read  		CODE           	037B	0000	19
		_Dio_Pin_Write 		CODE           	02E8	0000	32

MCAL/scr/Dio.c estimated size: 184

shared
		__stringtab    		STRING         	039F	0000	6
		__initialization		CODE           	000C	0000	6
		_MAX7219_No_Table		STRING         	03A5	0000	10

shared estimated size: 22

C:\Program Files\Microchip\xc8\v2.50\pic\sources\c99\common\lwdiv.c
		___lwdiv       		CODE           	0223	0000	59

C:\Program Files\Microchip\xc8\v2.50\pic\sources\c99\common\lwdiv.c estimated size: 59

MCAL/scr/Adc.c
		_Adc_ReadResult		CODE           	028F	0000	45
		_Adc_StartConversion		CODE           	038E	0000	17
		_Adc_Init      		CODE           	03BE	0000	13

MCAL/scr/Adc.c estimated size: 75

SERVICE/scr/Spi.c
		_SPI_Init      		CODE           	0327	0000	24
		_SPI_Send_16bit		CODE           	0190	0000	83

SERVICE/scr/Spi.c estimated size: 107

main.c
		_ISR           		CODE           	02BC	0000	44
		_main          		CODE           	0014	0000	262

main.c estimated size: 306

HAL/scr/max7219.c
		_MAX7219_DisplayData		CODE           	0355	0000	19
		_MAX7219_Init  		CODE           	0308	0000	31
		_MAX7219_ClearDisplay		CODE           	033F	0000	22

HAL/scr/max7219.c estimated size: 72

