Microchip MPLAB XC8 Compiler V2.50

Linker command line:

-W-3 \
  --edf=C:\Program Files\Microchip\xc8\v2.50\pic\dat\20240725155939_en.msgs \
  -cn -h+dist/default/production\disinfection_dispenser.X.production.sym \
  --cmf=dist/default/production\disinfection_dispenser.X.production.cmf -z \
  -Q12F675 -oC:\Users\Family\AppData\Local\Temp\xcAsl0g.\driver_tmp_3.o \
  --defsym=__MPLAB_BUILD=1 --fixupoverflow=error \
  -Mdist/default/production/disinfection_dispenser.X.production.map \
  --md=C:\Users\Family\AppData\Local\Temp\xcAsl0g.\driver_tmp_0.dat -E1 \
  -ver=XC8 Compiler --acfsm=1493 -ACODE=00h-03FEh -ASTRCODE=00h-03FEh \
  -ASTRING=00h-0FFhx3,0300h-03FEh -ACONST=00h-0FFhx3,0300h-03FEh \
  -AENTRY=00h-0FFhx3,0300h-03FEh -ABANK0=020h-05Dh -ARAM=020h-05Dh \
  -AABS1=020h-05Fh -ACOMMON=05Eh-05Fh -ASFR0=00h-01Fh -ASFR1=080h-0DDh \
  -ACONFIG=02007h-02007h -DCONFIG=2 -AIDLOC=02000h-02003h -DIDLOC=2 \
  -AEEDATA=00h-07Fh/02100h -peeprom_data=EEDATA -DEEDATA=2 -DCODE=2 \
  -DSTRCODE=2 -DSTRING=2 -DCONST=2 -DENTRY=2 \
  -preset_vec=00h,intentry=04h,sivt,init,end_init -ppowerup=CODE \
  -pcinit=CODE -pfunctab=ENTRY -posccal=03FFh -k \
  C:\Users\Family\AppData\Local\Temp\xcAsl0g.\driver_tmp_12.o \
  dist/default/production\disinfection_dispenser.X.production.o 

Object code version is 3.11

Machine type is 12F675



                Name                               Link     Load   Length Selector   Space Scale
C:\Users\Family\AppData\Local\Temp\xcAsl0g.\driver_tmp_12.o
                end_init                              B        B        1        8       0
                reset_vec                             0        0        1        0       0
                config                             2007     2007        1        0       4
dist/default/production\disinfection_dispenser.X.production.o
                cinit                                 C        C        8        8       0
                intentry                              4        4        7        8       0
                config                             2007     2007        1        0       4
                text17                              378      378       15        8       0
                text16                              27B      27B       35        8       0
                text15                              3E3      3E3        D      7A8       0
                text14                              2B0      2B0       31        8       0
                text13                              3B3      3B3       11        8       0
                text12                              127      127       7F        8       0
                text11                              3D4      3D4        F      7A8       0
                text10                              3A0      3A0       13        8       0
                text9                               307      307       22        8       0
                text8                               1A6      1A6       59        8       0
                text7                               360      360       18        8       0
                text6                               38D      38D       13        8       0
                text5                               329      329       1F        8       0
                text4                               348      348       18        8       0
                text3                               1FF      1FF       43        8       0
                text2                               242      242       39        8       0
                text1                               2E1      2E1       26        8       0
                maintext                             14       14      113        8       0
                cstackBANK0                          20       20       29       20       1
                bssBANK0                             49       49        5       20       1
                strings                             3C4      3C4       10      788       0

TOTAL           Name                               Link     Load   Length     Space
        CLASS   CODE           
                end_init                              B        B        1         0
                cinit                                 C        C        8         0
                intentry                              4        4        7         0
                reset_vec                             0        0        1         0
                text17                              378      378       15         0
                text16                              27B      27B       35         0
                text15                              3E3      3E3        D         0
                text14                              2B0      2B0       31         0
                text13                              3B3      3B3       11         0
                text12                              127      127       7F         0
                text11                              3D4      3D4        F         0
                text10                              3A0      3A0       13         0
                text9                               307      307       22         0
                text8                               1A6      1A6       59         0
                text7                               360      360       18         0
                text6                               38D      38D       13         0
                text5                               329      329       1F         0
                text4                               348      348       18         0
                text3                               1FF      1FF       43         0
                text2                               242      242       39         0
                text1                               2E1      2E1       26         0
                maintext                             14       14      113         0

        CLASS   STRCODE        

        CLASS   STRING         
                strings                             3C4      3C4       10         0

        CLASS   CONST          

        CLASS   ENTRY          

        CLASS   BANK0          
                cstackBANK0                          20       20       29         1
                bssBANK0                             49       49        5         1

        CLASS   RAM            

        CLASS   ABS1           
                abs_s1                               5E       5E        2         1

        CLASS   COMMON         

        CLASS   SFR0           

        CLASS   SFR1           

        CLASS   CONFIG         
                config                             2007     2007        1         4

        CLASS   IDLOC          

        CLASS   EEDATA         

        CLASS   BANK1          

        CLASS   HEAP           

        CLASS   STACK          



SEGMENTS        Name                           Load    Length   Top    Selector   Space  Class     Delta

                reset_vec                      000000  000001  000001         0       0  CODE        2
                intentry                       000004  0003C0  0003C4         8       0  CODE        2
                cstackBANK0                    000020  00002E  00004E        20       1  BANK0       1
                strings                        0003C4  000010  0003D4       788       0  STRING      2
                text11                         0003D4  00001C  0003F0       7A8       0  CODE        2


UNUSED ADDRESS RANGES

        Name                Unused          Largest block    Delta
        BANK0            004E-005D             10           1
        CODE             0001-0003              3           2
                         03F0-03FE              F
        CONST            0001-0003              3           2
                         03F0-03FE              F
        EEDATA           2100-217F             80           2
        ENTRY            0001-0003              3           2
                         03F0-03FE              F
        IDLOC            2000-2003              4           2
        RAM              004E-005D             10           1
        SFR0             0000-001F             20           1
        SFR1             0080-00DD             5E           1
        STRCODE          0001-0003              3           2
                         03F0-03FE              F
        STRING           0001-0003              3           2
                         03F0-03FE              F

                                  Symbol Table

?_Adc_ReadResult              cstackBANK0  0027
?___lwdiv                     cstackBANK0  0030
?___lwmod                     cstackBANK0  0037
?___wmul                      cstackBANK0  0037
Adc_StartConversion@channel   cstackBANK0  0028
Dio_Config@direction          cstackBANK0  0027
Dio_Config@pinNumber          cstackBANK0  0030
Dio_Config@pullType           cstackBANK0  0029
Dio_Config@state              cstackBANK0  0028
Dio_Pin_Read@pinNumber        cstackBANK0  0021
Dio_Pin_Write@pinNumber       cstackBANK0  0029
Dio_Pin_Write@state           cstackBANK0  0027
ISR@i                         cstackBANK0  0025
MAX7219_ClearDisplay@i        cstackBANK0  0035
MAX7219_DisplayData@character cstackBANK0  003C
MAX7219_DisplayData@digit     cstackBANK0  0041
SPI_Send_16bit@bit            cstackBANK0  0031
SPI_Send_16bit@data           cstackBANK0  002A
_ADCON0                       (abs)        001F
_ADRESH                       (abs)        001E
_ADRESL                       (abs)        009E
_ANSEL                        (abs)        009F
_Adc_Init                     text15       03E3
_Adc_ReadResult               text14       02B0
_Adc_StartConversion          text13       03B3
_Counter                      bssBANK0     0049
_DIO_State                    bssBANK0     004C
_Dio_Config                   text12       0127
_Dio_Config$75                cstackBANK0  002E
_Dio_Pin_Read                 text17       0378
_Dio_Pin_Write                text9        0307
_Dio_init                     text11       03D4
_DispenserOn                  bssBANK0     004B
_GPIO                         (abs)        0005
_Gpio_Init                    text10       03A0
_INTCONbits                   (abs)        000B
_IOCB                         (abs)        0096
_ISR                          text16       027B
_MAX7219_ClearDisplay         text7        0360
_MAX7219_DisplayData          text6        038D
_MAX7219_Init                 text5        0329
_MAX7219_No_Table             strings      03CA
_OPTION_REG                   (abs)        0081
_SPI_Init                     text4        0348
_SPI_Send_16bit               text8        01A6
_TRISIO                       (abs)        0085
_WPU                          (abs)        0095
__H__absolute__               __absolute__ 0000
__Habs1                       abs1         07FE
__Hbank0                      bank0        07FE
__Hbank1                      bank1        07FE
__HbssBANK0                   bssBANK0     07FE
__Hcinit                      cinit        0014
__Hclrtext                    clrtext      07FE
__Hcode                       code         07FE
__Hcommon                     common       07FE
__Hconfig                     config       2008
__HcstackBANK0                cstackBANK0  07FE
__HcstackCOMMON               cstackCOMMON 07FE
__Heeprom_data                eeprom_data  0000
__Hend_init                   end_init     000C
__Hfunctab                    functab      0000
__Hheap                       heap         07FE
__Hinit                       init         000B
__Hintentry                   intentry     000B
__Hmaintext                   maintext     07FE
__Hosccal                     osccal       03FF
__Hpowerup                    powerup      0000
__Hram                        ram          07FE
__Hreset_vec                  reset_vec    0001
__Hsfr0                       sfr0         07FE
__Hsfr1                       sfr1         07FE
__Hsivt                       sivt         000B
__Hspace_0                    (abs)        07FE
__Hspace_1                    (abs)        07FE
__Hspace_2                    (abs)        07FE
__Hspace_3                    (abs)        0000
__Hspace_4                    (abs)        400F
__Hstack                      stack        07FE
__Hstrings                    strings      07FE
__Htext                       text         07FE
__L__absolute__               __absolute__ 0000
__Labs1                       abs1         07FE
__Lbank0                      bank0        07FE
__Lbank1                      bank1        07FE
__LbssBANK0                   bssBANK0     07FE
__Lcinit                      cinit        000C
__Lclrtext                    clrtext      07FE
__Lcode                       code         07FE
__Lcommon                     common       07FE
__Lconfig                     config       0000
__LcstackBANK0                cstackBANK0  07FE
__LcstackCOMMON               cstackCOMMON 07FE
__Leeprom_data                eeprom_data  0000
__Lend_init                   end_init     000B
__Lfunctab                    functab      0000
__Lheap                       heap         07FE
__Linit                       init         000B
__Lintentry                   intentry     0004
__Lmaintext                   maintext     07FE
__Losccal                     osccal       03FF
__Lpowerup                    powerup      0000
__Lram                        ram          07FE
__Lreset_vec                  reset_vec    0000
__Lsfr0                       sfr0         07FE
__Lsfr1                       sfr1         07FE
__Lsivt                       sivt         000B
__Lspace_0                    (abs)        0000
__Lspace_1                    (abs)        0000
__Lspace_2                    (abs)        0000
__Lspace_3                    (abs)        0000
__Lspace_4                    (abs)        0000
__Lstack                      stack        07FE
__Lstrings                    strings      07FE
__Ltext                       text         07FE
__S0                          (abs)        03F0
__S1                          (abs)        004E
__S3                          (abs)        0000
___heap_hi                    (abs)        0000
___heap_lo                    (abs)        0000
___int_sp                     stack        07FE
___int_stack_hi               stack        07FE
___int_stack_lo               stack        07FE
___latbits                    (abs)        0000
___lwdiv                      text3        01FF
___lwdiv@counter              cstackBANK0  0036
___lwdiv@dividend             cstackBANK0  0032
___lwdiv@divisor              cstackBANK0  0030
___lwdiv@quotient             cstackBANK0  0034
___lwmod                      text2        0242
___lwmod@counter              cstackBANK0  003B
___lwmod@dividend             cstackBANK0  0039
___lwmod@divisor              cstackBANK0  0037
___osccal_val                 osccal       03FF
___sp                         stack        07FE
___stack_hi                   stack        07FE
___stack_lo                   stack        07FE
___stackhi                    (abs)        0000
___stacklo                    (abs)        0000
___wmul                       text1        02E1
___wmul@multiplicand          cstackBANK0  0039
___wmul@multiplier            cstackBANK0  0037
___wmul@product               cstackBANK0  003B
__end_of_Adc_Init             text15       03F0
__end_of_Adc_ReadResult       text14       02E1
__end_of_Adc_StartConversion  text13       03C4
__end_of_Dio_Config           text12       01A6
__end_of_Dio_Pin_Read         text17       038D
__end_of_Dio_Pin_Write        text9        0329
__end_of_Dio_init             text11       03E3
__end_of_Gpio_Init            text10       03B3
__end_of_ISR                  text16       02B0
__end_of_MAX7219_ClearDisplay text7        0378
__end_of_MAX7219_DisplayData  text6        03A0
__end_of_MAX7219_Init         text5        0348
__end_of_MAX7219_No_Table     strings      03D4
__end_of_SPI_Init             text4        0360
__end_of_SPI_Send_16bit       text8        01FF
__end_of___lwdiv              text3        0242
__end_of___lwmod              text2        027B
__end_of___wmul               text1        0307
__end_of__initialization      cinit        0012
__end_of__stringtab           strings      03CA
__end_of_main                 maintext     0127
__initialization              cinit        000C
__pbssBANK0                   bssBANK0     0049
__pcstackBANK0                cstackBANK0  0020
__pcstackCOMMON               cstackCOMMON 0000
__pintentry                   intentry     0004
__pmaintext                   maintext     0014
__pstrings                    strings      03C4
__ptext1                      text1        02E1
__ptext10                     text10       03A0
__ptext11                     text11       03D4
__ptext12                     text12       0127
__ptext13                     text13       03B3
__ptext14                     text14       02B0
__ptext15                     text15       03E3
__ptext16                     text16       027B
__ptext17                     text17       0378
__ptext2                      text2        0242
__ptext3                      text3        01FF
__ptext4                      text4        0348
__ptext5                      text5        0329
__ptext6                      text6        038D
__ptext7                      text7        0360
__ptext8                      text8        01A6
__ptext9                      text9        0307
__stringbase                  strings      03C9
__stringtab                   strings      03C4
_main                         maintext     0014
_main$782                     cstackBANK0  0044
_main$783                     cstackBANK0  0046
btemp                         (abs)        005E
end_of_initialization         cinit        0012
interrupt_function            intentry     0004
intlevel0                     functab      0000
intlevel1                     functab      0000
intlevel2                     functab      0000
intlevel3                     functab      0000
intlevel4                     functab      0000
intlevel5                     functab      0000
main@i                        cstackBANK0  0048
reset_vec                     reset_vec    0000
saved_w                       (abs)        005E
start                         init         000B
start_initialization          cinit        000C
wtemp0                        (abs)        005E


MODULE INFORMATION

Module		Function		Class		Link	Load	Size
C:\Program Files\Microchip\xc8\v2.50\pic\sources\c99\common\Umul16.c
		___wmul        		CODE           	02E1	0000	38

C:\Program Files\Microchip\xc8\v2.50\pic\sources\c99\common\Umul16.c estimated size: 38

MCAL/scr/gpio.c
		_Gpio_Init     		CODE           	03A0	0000	19

MCAL/scr/gpio.c estimated size: 19

C:\Program Files\Microchip\xc8\v2.50\pic\sources\c99\common\lwmod.c
		___lwmod       		CODE           	0242	0000	57

C:\Program Files\Microchip\xc8\v2.50\pic\sources\c99\common\lwmod.c estimated size: 57

MCAL/scr/Dio.c
		_Dio_init      		CODE           	03D4	0000	15
		_Dio_Config    		CODE           	0127	0000	127
		_Dio_Pin_Read  		CODE           	0378	0000	21
		_Dio_Pin_Write 		CODE           	0307	0000	34

MCAL/scr/Dio.c estimated size: 197

shared
		__stringtab    		STRING         	03C4	0000	6
		__initialization		CODE           	000C	0000	6
		_MAX7219_No_Table		STRING         	03CA	0000	10

shared estimated size: 22

C:\Program Files\Microchip\xc8\v2.50\pic\sources\c99\common\lwdiv.c
		___lwdiv       		CODE           	01FF	0000	67

C:\Program Files\Microchip\xc8\v2.50\pic\sources\c99\common\lwdiv.c estimated size: 67

MCAL/scr/Adc.c
		_Adc_ReadResult		CODE           	02B0	0000	49
		_Adc_StartConversion		CODE           	03B3	0000	17
		_Adc_Init      		CODE           	03E3	0000	13

MCAL/scr/Adc.c estimated size: 79

SERVICE/scr/Spi.c
		_SPI_Init      		CODE           	0348	0000	24
		_SPI_Send_16bit		CODE           	01A6	0000	89

SERVICE/scr/Spi.c estimated size: 113

main.c
		_ISR           		CODE           	027B	0000	53
		_main          		CODE           	0014	0000	275

main.c estimated size: 328

HAL/scr/max7219.c
		_MAX7219_DisplayData		CODE           	038D	0000	19
		_MAX7219_Init  		CODE           	0329	0000	31
		_MAX7219_ClearDisplay		CODE           	0360	0000	24

HAL/scr/max7219.c estimated size: 74

