Microchip MPLAB XC8 Compiler V2.50

Linker command line:

-W-3 \
  --edf=C:\Program Files\Microchip\xc8\v2.50\pic\dat\20240725155939_en.msgs \
  -cn -h+dist/default/debug\disinfection_dispenser.X.debug.sym \
  --cmf=dist/default/debug\disinfection_dispenser.X.debug.cmf -z -Q12F675 \
  -oC:\Users\Family\AppData\Local\Temp\xcAslm8.\driver_tmp_3.o \
  --defsym=__MPLAB_BUILD=1 --fixupoverflow=error \
  -Mdist/default/debug/disinfection_dispenser.X.debug.map \
  --md=C:\Users\Family\AppData\Local\Temp\xcAslm8.\driver_tmp_0.dat -E1 \
  -ver=XC8 Compiler --acfsm=1493 -ACODE=00h-03FEh -ASTRCODE=00h-03FEh \
  -ASTRING=00h-0FFhx3,0300h-03FEh -ACONST=00h-0FFhx3,0300h-03FEh \
  -AENTRY=00h-0FFhx3,0300h-03FEh -ABANK0=020h-05Dh -ARAM=020h-05Dh \
  -AABS1=020h-05Fh -ACOMMON=05Eh-05Fh -ASFR0=00h-01Fh -ASFR1=080h-0DDh \
  -ACONFIG=02007h-02007h -DCONFIG=2 -AIDLOC=02000h-02003h -DIDLOC=2 \
  -AEEDATA=00h-07Fh/02100h -peeprom_data=EEDATA -DEEDATA=2 -DCODE=2 \
  -DSTRCODE=2 -DSTRING=2 -DCONST=2 -DENTRY=2 \
  -preset_vec=00h,intentry=04h,sivt,init,end_init -ppowerup=CODE \
  -pcinit=CODE -pfunctab=ENTRY -posccal=03FFh -k \
  C:\Users\Family\AppData\Local\Temp\xcAslm8.\driver_tmp_12.o \
  dist/default/debug\disinfection_dispenser.X.debug.o 

Object code version is 3.11

Machine type is 12F675



                Name                               Link     Load   Length Selector   Space Scale
C:\Users\Family\AppData\Local\Temp\xcAslm8.\driver_tmp_12.o
                end_init                              B        B        1        8       0
                reset_vec                             0        0        1        0       0
                config                             2007     2007        1        0       4
dist/default/debug\disinfection_dispenser.X.debug.o
                cinit                                 C        C        7        8       0
                intentry                              4        4        7        8       0
                config                             2007     2007        1        0       4
                text9                               137      137       22        8       0
                text8                                EB       EB       2A        8       0
                text7                                13       13       7F        8       0
                text6                               1B3      1B3        F      366       0
                text5                               190      190       13        8       0
                text4                               115      115       22        8       0
                text3                                92       92       59        8       0
                text2                               159      159       1F        8       0
                text1                               178      178       18        8       0
                maintext                            1C2      1C2        B      366       0
                cstackBANK0                          20       20       11       20       1
                bssBANK0                             31       31        4       20       1
                strings                             1A3      1A3       10      346       0

TOTAL           Name                               Link     Load   Length     Space
        CLASS   CODE           
                end_init                              B        B        1         0
                cinit                                 C        C        7         0
                intentry                              4        4        7         0
                reset_vec                             0        0        1         0
                text9                               137      137       22         0
                text8                                EB       EB       2A         0
                text7                                13       13       7F         0
                text6                               1B3      1B3        F         0
                text5                               190      190       13         0
                text4                               115      115       22         0
                text3                                92       92       59         0
                text2                               159      159       1F         0
                text1                               178      178       18         0
                maintext                            1C2      1C2        B         0

        CLASS   STRCODE        

        CLASS   STRING         
                strings                             1A3      1A3       10         0

        CLASS   CONST          

        CLASS   ENTRY          

        CLASS   BANK0          
                cstackBANK0                          20       20       11         1
                bssBANK0                             31       31        4         1

        CLASS   RAM            

        CLASS   ABS1           
                abs_s1                               5E       5E        2         1

        CLASS   COMMON         

        CLASS   SFR0           

        CLASS   SFR1           

        CLASS   CONFIG         
                config                             2007     2007        1         4

        CLASS   IDLOC          

        CLASS   EEDATA         

        CLASS   BANK1          

        CLASS   HEAP           

        CLASS   STACK          



SEGMENTS        Name                           Load    Length   Top    Selector   Space  Class     Delta

                reset_vec                      000000  000001  000001         0       0  CODE        2
                intentry                       000004  00019F  0001A3         8       0  CODE        2
                cstackBANK0                    000020  000015  000035        20       1  BANK0       1
                strings                        0001A3  000010  0001B3       346       0  STRING      2
                text6                          0001B3  00001A  0001CD       366       0  CODE        2


UNUSED ADDRESS RANGES

        Name                Unused          Largest block    Delta
        BANK0            0035-005D             29           1
        CODE             0001-0003              3           2
                         01CD-03FE            232
        CONST            0001-0003              3           2
                         01CD-03FE            100
        EEDATA           2100-217F             80           2
        ENTRY            0001-0003              3           2
                         01CD-03FE            100
        IDLOC            2000-2003              4           2
        RAM              0035-005D             29           1
        SFR0             0000-001F             20           1
        SFR1             0080-00DD             5E           1
        STRCODE          0001-0003              3           2
                         01CD-03FE            232
        STRING           0001-0003              3           2
                         01CD-03FE            100

                                  Symbol Table

Dio_Config@direction      cstackBANK0  0025
Dio_Config@pinNumber      cstackBANK0  002E
Dio_Config@pullType       cstackBANK0  0027
Dio_Config@state          cstackBANK0  0026
Dio_Pin_Write@pinNumber   cstackBANK0  0027
Dio_Pin_Write@state       cstackBANK0  0025
SPI_Send_16bit@bit        cstackBANK0  002F
SPI_Send_16bit@data       cstackBANK0  0028
_ADCON0                   (abs)        001F
_ADRESH                   (abs)        001E
_ADRESL                   (abs)        009E
_ANSEL                    (abs)        009F
_DIO_State                bssBANK0     0034
_Dio_Config               text7        0013
_Dio_Config$56            cstackBANK0  002C
_Dio_Pin_Write            text4        0115
_Dio_init                 text6        01B3
_GPIO                     (abs)        0005
_Gpio_Init                text5        0190
_INTCONbits               (abs)        000B
_IOCB                     (abs)        0096
_ISR                      text8        00EB
_MAX7219_Init             text2        0159
_MAX7219_No_Table         strings      01A9
_OPTION_REG               (abs)        0081
_SPI_Init                 text1        0178
_SPI_Send_16bit           text3        0092
_TRISIO                   (abs)        0085
_WPU                      (abs)        0095
__H__absolute__           __absolute__ 0000
__Habs1                   abs1         07FE
__Hbank0                  bank0        07FE
__Hbank1                  bank1        07FE
__HbssBANK0               bssBANK0     07FE
__Hcinit                  cinit        0013
__Hclrtext                clrtext      07FE
__Hcode                   code         07FE
__Hcommon                 common       07FE
__Hconfig                 config       2008
__HcstackBANK0            cstackBANK0  07FE
__HcstackCOMMON           cstackCOMMON 07FE
__Heeprom_data            eeprom_data  0000
__Hend_init               end_init     000C
__Hfunctab                functab      0000
__Hheap                   heap         07FE
__Hinit                   init         000B
__Hintentry               intentry     000B
__Hmaintext               maintext     07FE
__Hosccal                 osccal       03FF
__Hpowerup                powerup      0000
__Hram                    ram          07FE
__Hreset_vec              reset_vec    0001
__Hsfr0                   sfr0         07FE
__Hsfr1                   sfr1         07FE
__Hsivt                   sivt         000B
__Hspace_0                (abs)        07FE
__Hspace_1                (abs)        07FE
__Hspace_2                (abs)        07FE
__Hspace_3                (abs)        0000
__Hspace_4                (abs)        400F
__Hstack                  stack        07FE
__Hstrings                strings      07FE
__Htext                   text         07FE
__L__absolute__           __absolute__ 0000
__Labs1                   abs1         07FE
__Lbank0                  bank0        07FE
__Lbank1                  bank1        07FE
__LbssBANK0               bssBANK0     07FE
__Lcinit                  cinit        000C
__Lclrtext                clrtext      07FE
__Lcode                   code         07FE
__Lcommon                 common       07FE
__Lconfig                 config       0000
__LcstackBANK0            cstackBANK0  07FE
__LcstackCOMMON           cstackCOMMON 07FE
__Leeprom_data            eeprom_data  0000
__Lend_init               end_init     000B
__Lfunctab                functab      0000
__Lheap                   heap         07FE
__Linit                   init         000B
__Lintentry               intentry     0004
__Lmaintext               maintext     07FE
__Losccal                 osccal       03FF
__Lpowerup                powerup      0000
__Lram                    ram          07FE
__Lreset_vec              reset_vec    0000
__Lsfr0                   sfr0         07FE
__Lsfr1                   sfr1         07FE
__Lsivt                   sivt         000B
__Lspace_0                (abs)        0000
__Lspace_1                (abs)        0000
__Lspace_2                (abs)        0000
__Lspace_3                (abs)        0000
__Lspace_4                (abs)        0000
__Lstack                  stack        07FE
__Lstrings                strings      07FE
__Ltext                   text         07FE
__S0                      (abs)        01CD
__S1                      (abs)        0035
__S3                      (abs)        0000
___heap_hi                (abs)        0000
___heap_lo                (abs)        0000
___int_sp                 stack        07FE
___int_stack_hi           stack        07FE
___int_stack_lo           stack        07FE
___latbits                (abs)        0000
___osccal_val             osccal       03FF
___sp                     stack        07FE
___stack_hi               stack        07FE
___stack_lo               stack        07FE
___stackhi                (abs)        0000
___stacklo                (abs)        0000
__end_of_Dio_Config       text7        0092
__end_of_Dio_Pin_Write    text4        0137
__end_of_Dio_init         text6        01C2
__end_of_Gpio_Init        text5        01A3
__end_of_ISR              text8        0115
__end_of_MAX7219_Init     text2        0178
__end_of_MAX7219_No_Table strings      01B3
__end_of_SPI_Init         text1        0190
__end_of_SPI_Send_16bit   text3        00EB
__end_of__initialization  cinit        0011
__end_of__stringtab       strings      01A9
__end_of_main             maintext     01CD
__end_ofi1_Dio_Pin_Write  text9        0159
__initialization          cinit        000C
__pbssBANK0               bssBANK0     0031
__pcstackBANK0            cstackBANK0  0020
__pcstackCOMMON           cstackCOMMON 0000
__pintentry               intentry     0004
__pmaintext               maintext     01C2
__pstrings                strings      01A3
__ptext1                  text1        0178
__ptext2                  text2        0159
__ptext3                  text3        0092
__ptext4                  text4        0115
__ptext5                  text5        0190
__ptext6                  text6        01B3
__ptext7                  text7        0013
__ptext8                  text8        00EB
__ptext9                  text9        0137
__stringbase              strings      01A8
__stringtab               strings      01A3
_main                     maintext     01C2
_nosa                     bssBANK0     0032
_previous_gp3_state       bssBANK0     0033
btemp                     (abs)        005E
end_of_initialization     cinit        0011
i1Dio_Pin_Write@pinNumber cstackBANK0  0022
i1Dio_Pin_Write@state     cstackBANK0  0020
i1_Dio_Pin_Write          text9        0137
interrupt_function        intentry     0004
intlevel0                 functab      0000
intlevel1                 functab      0000
intlevel2                 functab      0000
intlevel3                 functab      0000
intlevel4                 functab      0000
intlevel5                 functab      0000
reset_vec                 reset_vec    0000
saved_w                   (abs)        005E
start                     init         000B
start_initialization      cinit        000C
wtemp0                    (abs)        005E


MODULE INFORMATION

Module		Function		Class		Link	Load	Size
MCAL/scr/gpio.c
		_Gpio_Init     		CODE           	0190	0000	19

MCAL/scr/gpio.c estimated size: 19

MCAL/scr/Dio.c
		_Dio_init      		CODE           	01B3	0000	15
		_Dio_Config    		CODE           	0013	0000	127
		_Dio_Pin_Write 		CODE           	0115	0000	34

MCAL/scr/Dio.c estimated size: 176

shared
		i1_Dio_Pin_Write		CODE           	0137	0000	34
		__stringtab    		STRING         	01A3	0000	6
		__initialization		CODE           	000C	0000	5
		_MAX7219_No_Table		STRING         	01A9	0000	10

shared estimated size: 55

SERVICE/scr/Spi.c
		_SPI_Init      		CODE           	0178	0000	24
		_SPI_Send_16bit		CODE           	0092	0000	89

SERVICE/scr/Spi.c estimated size: 113

main.c
		_ISR           		CODE           	00EB	0000	42
		_main          		CODE           	01C2	0000	11

main.c estimated size: 53

HAL/scr/max7219.c
		_MAX7219_Init  		CODE           	0159	0000	31

HAL/scr/max7219.c estimated size: 31

